.split-grid {
	display: grid;
	height: 100%;
	grid-template-columns: 1fr 10px 1fr 10px 1fr;
}

.split-grid-gutter-column-1 { grid-column: 2; }
.split-grid-gutter-column-3 { grid-column: 4; }
